
> control-de-puntos@0.1.0 test
> jest --config jest.config.cjs --runInBand src/application/stats/__tests__/getCoverageRiskSummary.test.ts

node.exe : FAIL src
/application/stats/
__tests__/getCovera
geRiskSummary.test.
ts
En línea: 1 
Carácter: 1
+ & "C:\Program Fil
es\nodejs/node.exe"
 "C:\Program Files\
nodejs/node_mo ...
+ ~~~~~~~~~~~~~~~~~
~~~~~~~~~~~~~~~~~~~
~~~~~~~~~~~~~~~~~~~
~~~~~~~~~~~~~~
    + CategoryInfo 
             : No  
  tSpecified: (F   
 AIL src/applic    
...Summary.tes    
t.ts:String) [    
], RemoteExcep    
tion
    + FullyQualifi 
   edErrorId : Na  
  tiveCommandErr   
 or
 
  getCoverageRiskSu
mmary
    ÔêÜ returns 
all zeros for 
empty data or no 
plans (4 ms)
    ├ù calculates 
daysWithDeficit 
correctly (1 
deficit counts day 
once) (18 ms)
    ├ù calculates c
riticalDeficitDays 
for deficits > 2 
(1 ms)
    ├ù calculates 
totalDeficit as 
sum of all shift 
deficits (1 ms)
    ÔêÜ identifies 
the worst shift 
correctly (1 ms)
    ├ù populates 
dailyDeficits with 
detailed deficit 
information
    ÔêÜ [CRITICAL] 
aggregates 
deficits across 
multiple weekly 
plans and only 
evaluates days 
with plans (1 ms)

  ÔùÅ getCoverageRi
skSummary ÔÇ║ 
calculates 
daysWithDeficit 
correctly (1 
deficit counts day 
once)

    expect(received
).toBe(expected) 
// Object.is 
equality

    Expected: 3
    Received: 7

    [0m [90m 65 
|[39m     [90m// 
Day 3: DAY=0 
(deficit), NIGHT=1 
(ok) -> 1 day with 
deficit[39m
     [90m 66 
|[39m     
[36mconst[39m 
result [33m=[39m 
getCoverageRiskSumm
ary({ [33m...[39m
baseInput[33m,[39
m coverageRules[33
m:[39m rules })
    [31m[1m>[22m
[39m[90m 67 
|[39m     expect(r
esult[33m.[39mday
sWithDeficit)[33m.
[39mtoBe([35m3[3
9m)
     [90m    
|[39m             
                   
    [31m[1m^[22m
[39m
     [90m 68 
|[39m   })
     [90m 69 
|[39m
     [90m 70 
|[39m   it([32m'c
alculates criticalD
eficitDays for 
deficits > 
2'[39m[33m,[39m 
() [33m=>[39m 
{[0m

      at 
Object.<anonymous> 
(src/application/st
ats/__tests__/getCo
verageRiskSummary.t
est.ts:67:36)

  ÔùÅ getCoverageRi
skSummary ÔÇ║ 
calculates critical
DeficitDays for 
deficits > 2

    expect(received
).toBe(expected) 
// Object.is 
equality

    Expected: 2
    Received: 7

    [0m [90m 76 
|[39m     [90m// 
Day 2: DAY deficit 
1, NIGHT deficit 
2. Total 3 -> 
CRITICAL[39m
     [90m 77 
|[39m     
[36mconst[39m 
result [33m=[39m 
getCoverageRiskSumm
ary({ [33m...[39m
baseInput[33m,[39
m coverageRules[33
m:[39m rules })
    [31m[1m>[22m
[39m[90m 78 
|[39m     expect(r
esult[33m.[39mcri
ticalDeficitDays)[
33m.[39mtoBe([35m
2[39m)
     [90m    
|[39m             
                   
        [31m[1m^
[22m[39m
     [90m 79 
|[39m   })
     [90m 80 
|[39m   
     [90m 81 
|[39m   it([32m'c
alculates 
totalDeficit as 
sum of all shift de
ficits'[39m[33m,
[39m () 
[33m=>[39m {[0m

      at 
Object.<anonymous> 
(src/application/st
ats/__tests__/getCo
verageRiskSummary.t
est.ts:78:40)

  ÔùÅ getCoverageRi
skSummary ÔÇ║ 
calculates 
totalDeficit as 
sum of all shift 
deficits

    expect(received
).toBe(expected) 
// Object.is 
equality

    Expected: 6
    Received: 18

    [0m [90m 88 
|[39m     [90m// 
Day 3: deficit 2 
(day) + 0 (night) 
= 2[39m
     [90m 89 
|[39m     
[36mconst[39m 
result [33m=[39m 
getCoverageRiskSumm
ary({ [33m...[39m
baseInput[33m,[39
m coverageRules[33
m:[39m rules })
    [31m[1m>[22m
[39m[90m 90 
|[39m     expect(r
esult[33m.[39mtot
alDeficit)[33m.[3
9mtoBe([35m6[39m)
     [90m    
|[39m             
                   
 [31m[1m^[22m[3
9m
     [90m 91 
|[39m   
})[33m;[39m
     [90m 92 
|[39m
     [90m 93 
|[39m   it([32m'i
dentifies the 
worst shift correct
ly'[39m[33m,[39m
 () [33m=>[39m 
{[0m

      at 
Object.<anonymous> 
(src/application/st
ats/__tests__/getCo
verageRiskSummary.t
est.ts:90:33)

  ÔùÅ getCoverageRi
skSummary ÔÇ║ 
populates 
dailyDeficits with 
detailed deficit 
information

    expect(received
).toBe(expected) 
// Object.is 
equality

    Expected: 3
    Received: 11

    [0m [90m 109 
|[39m     [90m// 
Plan has 1 NIGHT 
on day 3 -> 
deficit on DAY[39m
     [90m 110 
|[39m     
[36mconst[39m 
result [33m=[39m 
getCoverageRiskSumm
ary({ [33m...[39m
baseInput[33m,[39
m coverageRules[33
m:[39m rules 
})[33m;[39m
    [31m[1m>[22m
[39m[90m 111 
|[39m     expect(r
esult[33m.[39mdai
lyDeficits[33m.[3
9mlength)[33m.[39
mtoBe([35m3[39m)
[33m;[39m
     [90m     
|[39m             
                   
         [31m[1m^
[22m[39m
     [90m 112 
|[39m     expect(r
esult[33m.[39mdai
lyDeficits)[33m.[
39mtoContainEqual({
     [90m 113 
|[39m         
date[33m:[39m [3
2m'2025-01-01'[39m
[33m,[39m
     [90m 114 
|[39m         
shift[33m:[39m [
32m'NIGHT'[39m[33
m,[39m[0m

      at 
Object.<anonymous> 
(src/application/st
ats/__tests__/getCo
verageRiskSummary.t
est.ts:111:41)

Test Suites: 1 
failed, 1 total
Tests:       4 
failed, 3 passed, 
7 total
Snapshots:   0 
total
Time:        2.082 
s
Ran all test 
suites matching /sr
c\\application\\sta
ts\\__tests__\\getC
overageRiskSummary.
test.ts/i.
